Microchip Technology Inc, v1.50 (A)

Tool Name:
  c:\ecc-lab\embedded\compilers\xc16\bin\bin\..\bin/elf-ld.exe

Command:
  -p24FJ48GA002 \
  -o \
  ./output/objects/elf.elf \
  -Lc:/ecc-lab/embedded/compilers/xc16/bin/bin/.. \
  -Lc:/ecc-lab/embedded/compilers/xc16/bin/bin/../../lib \
  -Lc:/ecc-lab/embedded/compilers/xc16/bin/bin/../../support/PIC24F/gld \
  ./output/objects/main.o \
  ../../../library/BSP/dist/libs/ecc-pic24-bsp.a \
  ../../../library/RTL/dist/libs/ecc-pic24-rtl.a \
  --defsym=__MPLAB_buildD=1 \
  -T24FJ48GA002_no_bootloader.gld.00 \
  --heap=3096 \
  --stack=16 \
  --check-sections \
  --data-init \
  --pack-data \
  --handles \
  --isr \
  --no-gc-sections \
  --fill-upper=0 \
  --stackguard=16 \
  --no-force-link \
  --smart-io \
  -Map=./output/objects/map.map \
  --memorysummary \
  ./output/objects/mem.xml \
  -start-group \
  --library=lega-pic30-elf \
  --library=m-elf \
  --library=lega-c-elf \
  -end-group \

Archive member included because of file (symbol)

../../../library/BSP/dist/libs/ecc-pic24-bsp.a(BSP_Main.o)
                              ./output/objects/main.o (_BSP_TickIsrExecutor)
../../../library/BSP/dist/libs/ecc-pic24-bsp.a(BSP_Mcu.o)
                              ./output/objects/main.o (_Mcu_Init)
../../../library/BSP/dist/libs/ecc-pic24-bsp.a(BSP_SysTick.o)
                              ./output/objects/main.o (_Sys_IsrPerformTick)
../../../library/BSP/dist/libs/ecc-pic24-bsp.a(BSP_PswKey.o)
                              ./output/objects/main.o (_Psw_SetKeyDownCallback)
../../../library/BSP/dist/libs/ecc-pic24-bsp.a(BSP_Beep.o)
                              ../../../library/BSP/dist/libs/ecc-pic24-bsp.a(BSP_Main.o) (_BEEP_TickedExecutor)
../../../library/BSP/dist/libs/ecc-pic24-bsp.a(BSP_Adc.o)
                              ../../../library/BSP/dist/libs/ecc-pic24-bsp.a(BSP_Main.o) (_ADC_TickedExecutor)
../../../library/BSP/dist/libs/ecc-pic24-bsp.a(BSP_LedBlink.o)
                              ../../../library/BSP/dist/libs/ecc-pic24-bsp.a(BSP_Main.o) (_LED_BlinkTickedExecutor)
../../../library/BSP/dist/libs/ecc-pic24-bsp.a(BSP_Led.o)
                              ../../../library/BSP/dist/libs/ecc-pic24-bsp.a(BSP_LedBlink.o) (_Led_Set)
../../../library/BSP/dist/libs/ecc-pic24-bsp.a(BSP_Psw.o)
                              ../../../library/BSP/dist/libs/ecc-pic24-bsp.a(BSP_PswKey.o) (_Psw_Get)
../../../library/BSP/dist/libs/ecc-pic24-bsp.a(BSP_Uart.o)
                              ./output/objects/main.o (_Uart1_Init)
../../../library/BSP/dist/libs/ecc-pic24-bsp.a(BSP_Queue.o)
                              ../../../library/BSP/dist/libs/ecc-pic24-bsp.a(BSP_Uart.o) (_Queue_Init)
../../../library/RTL/dist/libs/ecc-pic24-rtl.a(RTL_Main.o)
                              ./output/objects/main.o (_RTL_TickIsrExecutor)
../../../library/RTL/dist/libs/ecc-pic24-rtl.a(RTL_Timer.o)
                              ../../../library/RTL/dist/libs/ecc-pic24-rtl.a(RTL_Main.o) (_Timer_TickedExecutor)

Optional library libpPIC24Fxxx.a not found
c:/ecc-lab/embedded/compilers/xc16/bin/bin/../../lib\liblega-pic30-elf.a(crt0_standard.o)
                              (__resetPRI)
c:/ecc-lab/embedded/compilers/xc16/bin/bin/../../lib\liblega-pic30-elf.a(data_init_standard.o)
                              c:/ecc-lab/embedded/compilers/xc16/bin/bin/../../lib\liblega-pic30-elf.a(crt0_standard.o) (__data_init_standard)
c:/ecc-lab/embedded/compilers/xc16/bin/bin/../../lib\liblega-pic30-elf.a(crt_start_mode_normal.Leo)
                              (__crt_start_mode_normal)
c:/ecc-lab/embedded/compilers/xc16/bin/bin/../../lib\libm-elf.a(addsf3.eo)
                              ../../../library/BSP/dist/libs/ecc-pic24-bsp.a(BSP_Uart.o) (___subsf3)
c:/ecc-lab/embedded/compilers/xc16/bin/bin/../../lib\libm-elf.a(divsf3.eo)
                              ../../../library/BSP/dist/libs/ecc-pic24-bsp.a(BSP_SysTick.o) (___divsf3)
c:/ecc-lab/embedded/compilers/xc16/bin/bin/../../lib\libm-elf.a(feqltle.eo)
                              ../../../library/BSP/dist/libs/ecc-pic24-bsp.a(BSP_Beep.o) (___ltsf2)
c:/ecc-lab/embedded/compilers/xc16/bin/bin/../../lib\libm-elf.a(fgtge.eo)
                              ../../../library/BSP/dist/libs/ecc-pic24-bsp.a(BSP_Beep.o) (___gtsf2)
c:/ecc-lab/embedded/compilers/xc16/bin/bin/../../lib\libm-elf.a(fixunssfsi.eo)
                              ../../../library/BSP/dist/libs/ecc-pic24-bsp.a(BSP_Beep.o) (___fixunssfsi)
c:/ecc-lab/embedded/compilers/xc16/bin/bin/../../lib\libm-elf.a(floatsisf.eo)
                              ../../../library/BSP/dist/libs/ecc-pic24-bsp.a(BSP_Adc.o) (___floatsisf)
c:/ecc-lab/embedded/compilers/xc16/bin/bin/../../lib\libm-elf.a(floatunsisf.eo)
                              ../../../library/BSP/dist/libs/ecc-pic24-bsp.a(BSP_SysTick.o) (___floatunsisf)
c:/ecc-lab/embedded/compilers/xc16/bin/bin/../../lib\libm-elf.a(fne.eo)
                              ../../../library/BSP/dist/libs/ecc-pic24-bsp.a(BSP_Beep.o) (___nesf2)
[...]
Memory Configuration

Name             Origin             Length             Attributes
data             0x000800           0x002000           a !xr
reset            0x000000           0x000004  
ivt              0x000004           0x0000fc  
_reserved        0x000100           0x000004  
aivt             0x000104           0x0000fc  
program          0x000200           0x0081fc           xr
CONFIG2          0x0083fc           0x000002  
CONFIG1          0x0083fe           0x000002  
*default*        0x000000           0xffffffff  

Linker script and memory map

LOAD ./output/objects/main.o
LOAD ../../../library/BSP/dist/libs/ecc-pic24-bsp.a
LOAD ../../../library/RTL/dist/libs/ecc-pic24-rtl.a
                    0x0001                  __MPLAB_buildD = 0x1
LOAD pPIC24Fxxx
LOAD c:/ecc-lab/embedded/compilers/xc16/bin/bin/../../lib\libfx-elf.a
                    0x83fc                  __CONFIG2 = 0x83fc
                    0x83fe                  __CONFIG1 = 0x83fe
                    0x0001                  __NO_HANDLES = 0x1
                    0x0200                  __CODE_BASE = 0x200
                    0x81fc                  __CODE_LENGTH = 0x81fc
                    0x0004                  __IVT_BASE = 0x4
                    0x0104                  __AIVT_BASE = 0x104
                    0x0800                  __DATA_BASE = 0x800
                    0x2000                  __DATA_LENGTH = 0x2000

.reset            0x000000          0x4
                  0x000000          0x2 SHORT 0x200 ABSOLUTE (__reset)
                  0x000001          0x2 SHORT 0x4
                  0x000002          0x2 SHORT 0x0 ((ABSOLUTE (__reset) >> 0x10) & 0x7f)
                  0x000003          0x2 SHORT 0x0

.text             0x000200       0x1fb6
 *(.init)
 .init            0x000200         0x4c c:/ecc-lab/embedded/compilers/xc16/bin/bin/../../lib\liblega-pic30-elf.a(crt0_standard.o)
                  0x000200                  __resetPRI
                  0x000200                  __reset
                  0x00023c                  __psv_init
 .init            0x00024c         0x7c c:/ecc-lab/embedded/compilers/xc16/bin/bin/../../lib\liblega-pic30-elf.a(data_init_standard.o)
                  0x000252                  __data_init_standard
                  0x000252                  __data_init
 *(.user_init)
 *(.handle)
 *(.isr*)
 .isr.text        0x0002d4         0x2a ./output/objects/main.o
                  0x0002d4                  __T1Interrupt
 .isr.text        0x0002fe         0x14 ../../../library/BSP/dist/libs/ecc-pic24-bsp.a(BSP_Adc.o)
                  0x0002fe                  __ADC1Interrupt
 .isr.text        0x000312        0x154 ../../../library/BSP/dist/libs/ecc-pic24-bsp.a(BSP_Uart.o)
                  0x000312                  __U1RXInterrupt
                  0x0003a8                  __U2RXInterrupt
                  0x00043e                  __U1TXInterrupt
                  0x000452                  __U2TXInterrupt
 .isr             0x000466          0x4 default_isr
                  0x000466                  __DefaultInterrupt
 *(.libc)
 .libc            0x00046a         0x28 c:/ecc-lab/embedded/compilers/xc16/bin/bin/../../lib\liblega-pic30-elf.a(sbrk.Leo)
                  0x00046a                  _sbrk
 .libc            0x000492         0x1a c:/ecc-lab/embedded/compilers/xc16/bin/bin/../../lib\liblega-pic30-elf.a(brk.Lelo)
                  0x000492                  _brk
 *(.libm)
 *(.libdsp)
 *(.lib*)
 .libpic30_crt_start_mode
                  0x0004ac          0x2 c:/ecc-lab/embedded/compilers/xc16/bin/bin/../../lib\liblega-pic30-elf.a(crt_start_mode_normal.Leo)
                  0x0004ac                  __crt_start_mode
                  0x0004ac                  __crt_start_mode_normal
 .libm.subsf3     0x0004ae         0xbc c:/ecc-lab/embedded/compilers/xc16/bin/bin/../../lib\libm-elf.a(addsf3.eo)
                  0x0004ae                  ___subsf3
                  0x0004b0                  ___addsf3
 .libm.divfs3     0x00056a         0x84 c:/ecc-lab/embedded/compilers/xc16/bin/bin/../../lib\libm-elf.a(divsf3.eo)
                  0x00056a                  ___divsf3
 .libm.eqsf2      0x0005ee          0x4 c:/ecc-lab/embedded/compilers/xc16/bin/bin/../../lib\libm-elf.a(feqltle.eo)
                  0x0005ee                  ___eqsf2
                  0x0005ee                  ___ltsf2
                  0x0005ee                  ___lesf2
 .libm.gtsf2      0x0005f2          0x4 c:/ecc-lab/embedded/compilers/xc16/bin/bin/../../lib\libm-elf.a(fgtge.eo)
                  0x0005f2                  ___gesf2
                  0x0005f2                  ___gtsf2
 .libm.fixunssfsi
                  0x0005f6         0x36 c:/ecc-lab/embedded/compilers/xc16/bin/bin/../../lib\libm-elf.a(fixunssfsi.eo)
                  0x0005f6                  ___fixunssfsi
 .libm.floatsisf
                  0x00062c          0x6 c:/ecc-lab/embedded/compilers/xc16/bin/bin/../../lib\libm-elf.a(floatsisf.eo)
                  0x00062c                  ___floatsisf
 .libm.floatunsisf
                  0x000632          0x4 c:/ecc-lab/embedded/compilers/xc16/bin/bin/../../lib\libm-elf.a(floatunsisf.eo)
                  0x000632                  ___floatunsisf
 .libm.nesf2      0x000636          0x4 c:/ecc-lab/embedded/compilers/xc16/bin/bin/../../lib\libm-elf.a(fne.eo)
                  0x000636                  ___nesf2
 .libm.fpack      0x00063a         0x4c c:/ecc-lab/embedded/compilers/xc16/bin/bin/../../lib\libm-elf.a(fpack.eo)
                  0x00063a                  __fpack
 .libm.funpack    0x000686         0x2a c:/ecc-lab/embedded/compilers/xc16/bin/bin/../../lib\libm-elf.a(funpack.eo)
                  0x000686                  __funpack
 .libm.funpack2
                  0x0006b0         0x10 c:/ecc-lab/embedded/compilers/xc16/bin/bin/../../lib\libm-elf.a(funpack2.eo)
                  0x0006b0                  __funpack2
 .libm.fPropagateNaN
                  0x0006c0         0x12 c:/ecc-lab/embedded/compilers/xc16/bin/bin/../../lib\libm-elf.a(futil.eo)
                  0x0006c0                  __fPropagateNaN
 .libm.fbobExit
                  0x0006d2          0x8 c:/ecc-lab/embedded/compilers/xc16/bin/bin/../../lib\libm-elf.a(futil.eo)
                  0x0006d2                  __fbopExit
 .libm.fbopReturnNaN
                  0x0006da          0x6 c:/ecc-lab/embedded/compilers/xc16/bin/bin/../../lib\libm-elf.a(futil.eo)
                  0x0006da                  __fbopReturnNaN
 .libm.mulsf3     0x0006e0         0x68 c:/ecc-lab/embedded/compilers/xc16/bin/bin/../../lib\libm-elf.a(mulsf3.eo)
                  0x0006e0                  ___mulsf3
 .libm.fcompare
                  0x000748         0x36 c:/ecc-lab/embedded/compilers/xc16/bin/bin/../../lib\libm-elf.a(fcompare.eo)
                  0x000748                  __fcompare
 .libm.floatdisf
                  0x00077e         0x20 c:/ecc-lab/embedded/compilers/xc16/bin/bin/../../lib\libm-elf.a(floatdisf.eo)
                  0x00077e                  ___floatdisf
 .libm.floatundisf
                  0x00079e         0x5e c:/ecc-lab/embedded/compilers/xc16/bin/bin/../../lib\libm-elf.a(floatundisf.eo)
                  0x00079e                  ___floatundisf
 .libc.free       0x0007fc         0x64 c:/ecc-lab/embedded/compilers/xc16/bin/bin/../../lib\liblega-c-elf.a(free.XX_eo)
                  0x0007fc                  _free
 .libc.findmem    0x000860         0x66 c:/ecc-lab/embedded/compilers/xc16/bin/bin/../../lib\liblega-c-elf.a(malloc.XX_eo)
 .libc.malloc     0x0008c6         0x54 c:/ecc-lab/embedded/compilers/xc16/bin/bin/../../lib\liblega-c-elf.a(malloc.XX_eo)
                  0x0008c6                  _malloc
 .libc.strlen     0x00091a          0xc c:/ecc-lab/embedded/compilers/xc16/bin/bin/../../lib\liblega-c-elf.a(strlen.XX_eo)
                  0x00091a                  _strlen
 .libc._Getmem    0x000926         0x14 c:/ecc-lab/embedded/compilers/xc16/bin/bin/../../lib\liblega-c-elf.a(xgetmem.XX_eo)
                  0x000926                  __Getmem
 .libc.prout      0x00093a          0xe c:/ecc-lab/embedded/compilers/xc16/bin/bin/../../lib\liblega-c-elf.a(vsprintf.XX_eo)
                  0x00093a                  vsprintf.XX_eo:_prout
 .libc.vsprintf
                  0x000948         0x1a c:/ecc-lab/embedded/compilers/xc16/bin/bin/../../lib\liblega-c-elf.a(vsprintf.XX_eo)
                  0x000948                  _vsprintf
 .libc._Printf    0x000962        0x164 c:/ecc-lab/embedded/compilers/xc16/bin/bin/../../lib\liblega-c-elf.a(xprintf.XX_eo)
                  0x000962                  __Printf
 .libc._Putfld    0x000ac6        0x2da c:/ecc-lab/embedded/compilers/xc16/bin/bin/../../lib\liblega-c-elf.a(xputfld.XX_eo)
                  0x000ac6                  __Putfld
 .libc.strchr     0x000da0         0x1e c:/ecc-lab/embedded/compilers/xc16/bin/bin/../../lib\liblega-c-elf.a(strchr.XX_elo)
                  0x000da0                  _strchr
 .libc._Vacopy    0x000dbe          0x4 c:/ecc-lab/embedded/compilers/xc16/bin/bin/../../lib\liblega-c-elf.a(xvacopy.XX_elo)
                  0x000dbe                  __Vacopy
 .libc.memchr     0x000dc2         0x14 c:/ecc-lab/embedded/compilers/xc16/bin/bin/../../lib\liblega-c-elf.a(memchr.XX_eo)
                  0x000dc2                  _memchr
 .libc.memcpy     0x000dd6          0xe c:/ecc-lab/embedded/compilers/xc16/bin/bin/../../lib\liblega-c-elf.a(memcpy.XX_eo)
                  0x000dd6                  _memcpy
 .libc._Ldtob     0x000de4        0x3f2 c:/ecc-lab/embedded/compilers/xc16/bin/bin/../../lib\liblega-c-elf.a(xldtob.XX_eo)
                  0x000de4                  __Ldtob
 .libc._LDunscale
                  0x0011d6         0x54 c:/ecc-lab/embedded/compilers/xc16/bin/bin/../../lib\liblega-c-elf.a(xldunsca.XX_eo)
                  0x0011d6                  __LDunscale
 .libc._Litob     0x00122a        0x25e c:/ecc-lab/embedded/compilers/xc16/bin/bin/../../lib\liblega-c-elf.a(xlitob.XX_eo)
                  0x00122a                  __Litob
 .libc._Puttxt    0x001488        0x178 c:/ecc-lab/embedded/compilers/xc16/bin/bin/../../lib\liblega-c-elf.a(xputtxt.XX_eo)
                  0x001488                  __Puttxt
 .libc.ldiv       0x001600         0x2a c:/ecc-lab/embedded/compilers/xc16/bin/bin/../../lib\liblega-c-elf.a(ldiv.XX_elo)
                  0x001600                  _ldiv
 .libc._Dnorm     0x00162a         0x98 c:/ecc-lab/embedded/compilers/xc16/bin/bin/../../lib\liblega-c-elf.a(xdnorm.XX_elo)
                  0x00162a                  __Dnorm
 .libc._LDscale
                  0x0016c2         0xf4 c:/ecc-lab/embedded/compilers/xc16/bin/bin/../../lib\liblega-c-elf.a(xldscale.XX_elo)
                  0x0016c2                  __LDscale
 .libc._Genld     0x0017b6        0x264 c:/ecc-lab/embedded/compilers/xc16/bin/bin/../../lib\liblega-c-elf.a(xgenld.XX_eo)
                  0x0017b6                  __Genld
 .libc.div        0x001a1a         0x16 c:/ecc-lab/embedded/compilers/xc16/bin/bin/../../lib\liblega-c-elf.a(div.XX_elo)
                  0x001a1a                  _div
 .libm.eqdf2      0x001a30          0xa c:/ecc-lab/embedded/compilers/xc16/bin/bin/../../lib\libm-elf.a(deqltle.eo)
                  0x001a30                  ___eqdf2
                  0x001a30                  ___ltdf2
                  0x001a30                  ___ledf2
 .libm.gtdf2      0x001a3a          0xa c:/ecc-lab/embedded/compilers/xc16/bin/bin/../../lib\libm-elf.a(dgtge.eo)
                  0x001a3a                  ___gtdf2
                  0x001a3a                  ___gedf2
 .libm.divdf3     0x001a44         0xb4 c:/ecc-lab/embedded/compilers/xc16/bin/bin/../../lib\libm-elf.a(divdf3.eo)
                  0x001a44                  ___divdf3
 .libm.divsi3     0x001af8         0x1e c:/ecc-lab/embedded/compilers/xc16/bin/bin/../../lib\libm-elf.a(divsi3.eo)
                  0x001af8                  ___divsi3
 .libm.dpack      0x001b16         0x58 c:/ecc-lab/embedded/compilers/xc16/bin/bin/../../lib\libm-elf.a(dpack.eo)
                  0x001b16                  __dpack
 .libm.dunpack2
                  0x001b6e         0x32 c:/ecc-lab/embedded/compilers/xc16/bin/bin/../../lib\libm-elf.a(dunpack2.eo)
                  0x001b6e                  __dunpack2
                  0x001b90                  __dreturnNaN
                  0x001b96                  __dunpack2exit
 .libm.extendsfdf2
                  0x001ba0         0x3e c:/ecc-lab/embedded/compilers/xc16/bin/bin/../../lib\libm-elf.a(extendsfdf.eo)
                  0x001ba0                  ___extendsfdf2
 .libm.fixdfsi    0x001bde         0x58 c:/ecc-lab/embedded/compilers/xc16/bin/bin/../../lib\libm-elf.a(fixdfsi.eo)
                  0x001bde                  _(float, int, long long, double, float, short, int)
 .libm.floatsidf
                  0x001c36          0x6 c:/ecc-lab/embedded/compilers/xc16/bin/bin/../../lib\libm-elf.a(floatsidf.eo)
                  0x001c36                  ___floatsidf
 .libm.muldf3     0x001c3c         0xec c:/ecc-lab/embedded/compilers/xc16/bin/bin/../../lib\libm-elf.a(muldf3.eo)
                  0x001c3c                  ___muldf3
 .libm.subdf3     0x001d28          0x4 c:/ecc-lab/embedded/compilers/xc16/bin/bin/../../lib\libm-elf.a(subdf3.eo)
                  0x001d28                  ___subdf3
 .libm.udivsi3    0x001d2c         0x20 c:/ecc-lab/embedded/compilers/xc16/bin/bin/../../lib\libm-elf.a(udivsi3.eo)
                  0x001d2c                  ___udivsi3
 .libm.umodsi3    0x001d4c          0x6 c:/ecc-lab/embedded/compilers/xc16/bin/bin/../../lib\libm-elf.a(umodsi3.eo)
                  0x001d4c                  ___umodsi3
 .libm.mulsi3     0x001d52          0xc c:/ecc-lab/embedded/compilers/xc16/bin/bin/../../lib\libm-elf.a(mulsi3.eo)
                  0x001d52                  ___mulp32peds3
                  0x001d52                  ___mulsi3
                  0x001d52                  ___mulp32eds3
 .libm.__PplusBdi
                  0x001d5e         0x26 c:/ecc-lab/embedded/compilers/xc16/bin/bin/../../lib\libm-elf.a(divmoddi3.eo)
 .libm.__PminusBdi
                  0x001d84         0x26 c:/ecc-lab/embedded/compilers/xc16/bin/bin/../../lib\libm-elf.a(divmoddi3.eo)
 .libm.__udivmoddi3
                  0x001daa         0xe6 c:/ecc-lab/embedded/compilers/xc16/bin/bin/../../lib\libm-elf.a(divmoddi3.eo)
                  0x001daa                  ___udivmoddi3
 .libm.__udivdi3
                  0x001e90          0xe c:/ecc-lab/embedded/compilers/xc16/bin/bin/../../lib\libm-elf.a(divmoddi3.eo)
                  0x001e90                  ___udivdi3
 .libm.__umoddi3
                  0x001e9e          0x8 c:/ecc-lab/embedded/compilers/xc16/bin/bin/../../lib\libm-elf.a(divmoddi3.eo)
                  0x001e9e                  ___umoddi3
 .libm.__divdi3
                  0x001ea6         0x60 c:/ecc-lab/embedded/compilers/xc16/bin/bin/../../lib\libm-elf.a(divmoddi3.eo)
                  0x001ea6                  ___divdi3
 .libm.__moddi3
                  0x001f06         0x5c c:/ecc-lab/embedded/compilers/xc16/bin/bin/../../lib\libm-elf.a(divmoddi3.eo)
                  0x001f06                  ___moddi3
 *fill*           0x001f62          0x400
 .libm.adddf3     0x001f64         0xfc c:/ecc-lab/embedded/compilers/xc16/bin/bin/../../lib\libm-elf.a(adddf3.eo)
                  0x001f64                  ___adddf3
 .libm.dcompare
                  0x002060         0x52 c:/ecc-lab/embedded/compilers/xc16/bin/bin/../../lib\libm-elf.a(dcompare.eo)
                  0x002060                  __dcompare
 .libm.dPropagateNaN
                  0x0020b2         0x1c c:/ecc-lab/embedded/compilers/xc16/bin/bin/../../lib\libm-elf.a(dpropagateNaN.eo)
                  0x0020b2                  __dPropagateNaN
 .libm.dtype      0x0020ce         0x24 c:/ecc-lab/embedded/compilers/xc16/bin/bin/../../lib\libm-elf.a(dtype.eo)
                  0x0020ce                  __dtype
 .libm.dunpack    0x0020f2         0x4e c:/ecc-lab/embedded/compilers/xc16/bin/bin/../../lib\libm-elf.a(dunpack.eo)
                  0x0020f2                  __dunpack
 .libm.floatdidf
                  0x002140         0x20 c:/ecc-lab/embedded/compilers/xc16/bin/bin/../../lib\libm-elf.a(floatdidf.eo)
                  0x002140                  ___floatdidf
 .libm.floatundidf
                  0x002160         0x56 c:/ecc-lab/embedded/compilers/xc16/bin/bin/../../lib\libm-elf.a(floatundidf.eo)
                  0x002160                  ___floatundidf

usercode
 *(usercode)

__CONFIG2
 *(__CONFIG2.sec*)

__CONFIG1
 *(__CONFIG1.sec*)

.comment
 *(.comment)

.debug_info       0x000000       0x73b6
 *(.debug_info)
 .debug_info      0x000000        0x3a9 ./output/objects/main.o
 .debug_info      0x0003a9        0x1c7 ../../../library/BSP/dist/libs/ecc-pic24-bsp.a(BSP_Main.o)
 .debug_info      0x000570        0x446 ../../../library/BSP/dist/libs/ecc-pic24-bsp.a(BSP_Mcu.o)
 .debug_info      0x0009b6        0x64b ../../../library/BSP/dist/libs/ecc-pic24-bsp.a(BSP_SysTick.o)
 .debug_info      0x001001        0x61f ../../../library/BSP/dist/libs/ecc-pic24-bsp.a(BSP_PswKey.o)
 .debug_info      0x001620        0xa50 ../../../library/BSP/dist/libs/ecc-pic24-bsp.a(BSP_Beep.o)
 .debug_info      0x002070        0xf1a ../../../library/BSP/dist/libs/ecc-pic24-bsp.a(BSP_Adc.o)
 .debug_info      0x002f8a        0x4db ../../../library/BSP/dist/libs/ecc-pic24-bsp.a(BSP_LedBlink.o)
 .debug_info      0x003465        0x706 ../../../library/BSP/dist/libs/ecc-pic24-bsp.a(BSP_Led.o)
 .debug_info      0x003b6b        0x350 ../../../library/BSP/dist/libs/ecc-pic24-bsp.a(BSP_Psw.o)
 .debug_info      0x003ebb       0x2b8a ../../../library/BSP/dist/libs/ecc-pic24-bsp.a(BSP_Uart.o)
 .debug_info      0x006a45        0x322 ../../../library/BSP/dist/libs/ecc-pic24-bsp.a(BSP_Queue.o)
 .debug_info      0x006d67        0x1b5 ../../../library/RTL/dist/libs/ecc-pic24-rtl.a(RTL_Main.o)
 .debug_info      0x006f1c        0x49a ../../../library/RTL/dist/libs/ecc-pic24-rtl.a(RTL_Timer.o)
 *(.gnu.linkonce.wi.*)

.debug_abbrev     0x000000        0xf2e
 *(.debug_abbrev)
 .debug_abbrev    0x000000         0xe7 ./output/objects/main.o
 .debug_abbrev    0x0000e7         0x50 ../../../library/BSP/dist/libs/ecc-pic24-bsp.a(BSP_Main.o)
 .debug_abbrev    0x000137         0xd6 ../../../library/BSP/dist/libs/ecc-pic24-bsp.a(BSP_Mcu.o)
 .debug_abbrev    0x00020d        0x14d ../../../library/BSP/dist/libs/ecc-pic24-bsp.a(BSP_SysTick.o)
 .debug_abbrev    0x00035a        0x12c ../../../library/BSP/dist/libs/ecc-pic24-bsp.a(BSP_PswKey.o)
 .debug_abbrev    0x000486        0x18d ../../../library/BSP/dist/libs/ecc-pic24-bsp.a(BSP_Beep.o)
 .debug_abbrev    0x000613        0x1cc ../../../library/BSP/dist/libs/ecc-pic24-bsp.a(BSP_Adc.o)
 .debug_abbrev    0x0007df         0xd6 ../../../library/BSP/dist/libs/ecc-pic24-bsp.a(BSP_LedBlink.o)
 .debug_abbrev    0x0008b5         0xc3 ../../../library/BSP/dist/libs/ecc-pic24-bsp.a(BSP_Led.o)
 .debug_abbrev    0x000978         0xc5 ../../../library/BSP/dist/libs/ecc-pic24-bsp.a(BSP_Psw.o)
 .debug_abbrev    0x000a3d        0x2e3 ../../../library/BSP/dist/libs/ecc-pic24-bsp.a(BSP_Uart.o)
 .debug_abbrev    0x000d20         0xc3 ../../../library/BSP/dist/libs/ecc-pic24-bsp.a(BSP_Queue.o)
 .debug_abbrev    0x000de3         0x50 ../../../library/RTL/dist/libs/ecc-pic24-rtl.a(RTL_Main.o)
 .debug_abbrev    0x000e33         0xfb ../../../library/RTL/dist/libs/ecc-pic24-rtl.a(RTL_Timer.o)

.debug_line       0x000000       0x11b5
 *(.debug_line)
 .debug_line      0x000000        0x124 ./output/objects/main.o
 .debug_line      0x000124         0xa1 ../../../library/BSP/dist/libs/ecc-pic24-bsp.a(BSP_Main.o)
 .debug_line      0x0001c5        0x103 ../../../library/BSP/dist/libs/ecc-pic24-bsp.a(BSP_Mcu.o)
 .debug_line      0x0002c8        0x144 ../../../library/BSP/dist/libs/ecc-pic24-bsp.a(BSP_SysTick.o)
 .debug_line      0x00040c        0x150 ../../../library/BSP/dist/libs/ecc-pic24-bsp.a(BSP_PswKey.o)
 .debug_line      0x00055c        0x17e ../../../library/BSP/dist/libs/ecc-pic24-bsp.a(BSP_Beep.o)
 .debug_line      0x0006da        0x18d ../../../library/BSP/dist/libs/ecc-pic24-bsp.a(BSP_Adc.o)
 .debug_line      0x000867        0x11b ../../../library/BSP/dist/libs/ecc-pic24-bsp.a(BSP_LedBlink.o)
 .debug_line      0x000982        0x12a ../../../library/BSP/dist/libs/ecc-pic24-bsp.a(BSP_Led.o)
 .debug_line      0x000aac         0xed ../../../library/BSP/dist/libs/ecc-pic24-bsp.a(BSP_Psw.o)
 .debug_line      0x000b99        0x38d ../../../library/BSP/dist/libs/ecc-pic24-bsp.a(BSP_Uart.o)
 .debug_line      0x000f26         0xd8 ../../../library/BSP/dist/libs/ecc-pic24-bsp.a(BSP_Queue.o)
 .debug_line      0x000ffe         0x98 ../../../library/RTL/dist/libs/ecc-pic24-rtl.a(RTL_Main.o)
 .debug_line      0x001096        0x11f ../../../library/RTL/dist/libs/ecc-pic24-rtl.a(RTL_Timer.o)

.debug_frame      0x000000        0xf22
 *(.debug_frame)
 .debug_frame     0x000000         0xc6 ./output/objects/main.o
 .debug_frame     0x0000c6         0x48 ../../../library/BSP/dist/libs/ecc-pic24-bsp.a(BSP_Main.o)
 .debug_frame     0x00010e         0x96 ../../../library/BSP/dist/libs/ecc-pic24-bsp.a(BSP_Mcu.o)
 .debug_frame     0x0001a4        0x120 ../../../library/BSP/dist/libs/ecc-pic24-bsp.a(BSP_SysTick.o)
 .debug_frame     0x0002c4         0xfe ../../../library/BSP/dist/libs/ecc-pic24-bsp.a(BSP_PswKey.o)
 .debug_frame     0x0003c2        0x102 ../../../library/BSP/dist/libs/ecc-pic24-bsp.a(BSP_Beep.o)
 .debug_frame     0x0004c4        0x108 ../../../library/BSP/dist/libs/ecc-pic24-bsp.a(BSP_Adc.o)
 .debug_frame     0x0005cc         0xca ../../../library/BSP/dist/libs/ecc-pic24-bsp.a(BSP_LedBlink.o)
 .debug_frame     0x000696         0xca ../../../library/BSP/dist/libs/ecc-pic24-bsp.a(BSP_Led.o)
 .debug_frame     0x000760         0x48 ../../../library/BSP/dist/libs/ecc-pic24-bsp.a(BSP_Psw.o)
 .debug_frame     0x0007a8        0x5d2 ../../../library/BSP/dist/libs/ecc-pic24-bsp.a(BSP_Uart.o)
 .debug_frame     0x000d7a         0x96 ../../../library/BSP/dist/libs/ecc-pic24-bsp.a(BSP_Queue.o)
 .debug_frame     0x000e10         0x48 ../../../library/RTL/dist/libs/ecc-pic24-rtl.a(RTL_Main.o)
 .debug_frame     0x000e58         0xca ../../../library/RTL/dist/libs/ecc-pic24-rtl.a(RTL_Timer.o)

.debug_str        0x000000        0x298
 *(.debug_str)
 .debug_str       0x000000         0x12 ./output/objects/main.o
 .debug_str       0x000012          0xb ../../../library/BSP/dist/libs/ecc-pic24-bsp.a(BSP_Mcu.o)
 .debug_str       0x00001d         0x13 ../../../library/BSP/dist/libs/ecc-pic24-bsp.a(BSP_SysTick.o)
 .debug_str       0x000030          0x9 ../../../library/BSP/dist/libs/ecc-pic24-bsp.a(BSP_PswKey.o)
 .debug_str       0x000039         0x4a ../../../library/BSP/dist/libs/ecc-pic24-bsp.a(BSP_Beep.o)
 .debug_str       0x000083         0x74 ../../../library/BSP/dist/libs/ecc-pic24-bsp.a(BSP_Adc.o)
 .debug_str       0x0000f7          0xf ../../../library/BSP/dist/libs/ecc-pic24-bsp.a(BSP_LedBlink.o)
 .debug_str       0x000106         0x26 ../../../library/BSP/dist/libs/ecc-pic24-bsp.a(BSP_Led.o)
 .debug_str       0x00012c          0xa ../../../library/BSP/dist/libs/ecc-pic24-bsp.a(BSP_Psw.o)
 .debug_str       0x000136        0x144 ../../../library/BSP/dist/libs/ecc-pic24-bsp.a(BSP_Uart.o)
 .debug_str       0x00027a          0x6 ../../../library/BSP/dist/libs/ecc-pic24-bsp.a(BSP_Queue.o)
 .debug_str       0x000280         0x18 ../../../library/RTL/dist/libs/ecc-pic24-rtl.a(RTL_Timer.o)

.debug_loc
 *(.debug_loc)

.debug_macinfo
 *(.debug_macinfo)

.debug_pubnames
                  0x000000        0xa88
 *(.debug_pubnames)
 .debug_pubnames
                  0x000000         0x45 ./output/objects/main.o
 .debug_pubnames
                  0x000045         0x3b ../../../library/BSP/dist/libs/ecc-pic24-bsp.a(BSP_Main.o)
 .debug_pubnames
                  0x000080         0x66 ../../../library/BSP/dist/libs/ecc-pic24-bsp.a(BSP_Mcu.o)
 .debug_pubnames
                  0x0000e6         0xca ../../../library/BSP/dist/libs/ecc-pic24-bsp.a(BSP_SysTick.o)
 .debug_pubnames
                  0x0001b0         0xc8 ../../../library/BSP/dist/libs/ecc-pic24-bsp.a(BSP_PswKey.o)
 .debug_pubnames
                  0x000278         0x9e ../../../library/BSP/dist/libs/ecc-pic24-bsp.a(BSP_Beep.o)
 .debug_pubnames
                  0x000316         0xd0 ../../../library/BSP/dist/libs/ecc-pic24-bsp.a(BSP_Adc.o)
 .debug_pubnames
                  0x0003e6         0x93 ../../../library/BSP/dist/libs/ecc-pic24-bsp.a(BSP_LedBlink.o)
 .debug_pubnames
                  0x000479         0x69 ../../../library/BSP/dist/libs/ecc-pic24-bsp.a(BSP_Led.o)
 .debug_pubnames
                  0x0004e2         0x2b ../../../library/BSP/dist/libs/ecc-pic24-bsp.a(BSP_Psw.o)
 .debug_pubnames
                  0x00050d        0x46b ../../../library/BSP/dist/libs/ecc-pic24-bsp.a(BSP_Uart.o)
 .debug_pubnames
                  0x000978         0x5d ../../../library/BSP/dist/libs/ecc-pic24-bsp.a(BSP_Queue.o)
 .debug_pubnames
                  0x0009d5         0x3b ../../../library/RTL/dist/libs/ecc-pic24-rtl.a(RTL_Main.o)
 .debug_pubnames
                  0x000a10         0x78 ../../../library/RTL/dist/libs/ecc-pic24-rtl.a(RTL_Timer.o)

.debug_ranges
 *(.debug_ranges)

.debug_aranges    0x000000        0x150
 *(.debug_aranges)
 .debug_aranges
                  0x000000         0x18 ./output/objects/main.o
 .debug_aranges
                  0x000018         0x18 ../../../library/BSP/dist/libs/ecc-pic24-bsp.a(BSP_Main.o)
 .debug_aranges
                  0x000030         0x18 ../../../library/BSP/dist/libs/ecc-pic24-bsp.a(BSP_Mcu.o)
 .debug_aranges
                  0x000048         0x18 ../../../library/BSP/dist/libs/ecc-pic24-bsp.a(BSP_SysTick.o)
 .debug_aranges
                  0x000060         0x18 ../../../library/BSP/dist/libs/ecc-pic24-bsp.a(BSP_PswKey.o)
 .debug_aranges
                  0x000078         0x18 ../../../library/BSP/dist/libs/ecc-pic24-bsp.a(BSP_Beep.o)
 .debug_aranges
                  0x000090         0x18 ../../../library/BSP/dist/libs/ecc-pic24-bsp.a(BSP_Adc.o)
 .debug_aranges
                  0x0000a8         0x18 ../../../library/BSP/dist/libs/ecc-pic24-bsp.a(BSP_LedBlink.o)
 .debug_aranges
                  0x0000c0         0x18 ../../../library/BSP/dist/libs/ecc-pic24-bsp.a(BSP_Led.o)
 .debug_aranges
                  0x0000d8         0x18 ../../../library/BSP/dist/libs/ecc-pic24-bsp.a(BSP_Psw.o)
 .debug_aranges
                  0x0000f0         0x18 ../../../library/BSP/dist/libs/ecc-pic24-bsp.a(BSP_Uart.o)
 .debug_aranges
                  0x000108         0x18 ../../../library/BSP/dist/libs/ecc-pic24-bsp.a(BSP_Queue.o)
 .debug_aranges
                  0x000120         0x18 ../../../library/RTL/dist/libs/ecc-pic24-rtl.a(RTL_Main.o)
 .debug_aranges
                  0x000138         0x18 ../../../library/RTL/dist/libs/ecc-pic24-rtl.a(RTL_Timer.o)
                    0x0000                  WREG0 = 0x0
                    0x0000                  _WREG0 = 0x0
                    0x0002                  WREG1 = 0x2
                    0x0002                  _WREG1 = 0x2
                    0x0004                  WREG2 = 0x4
                    0x0004                  _WREG2 = 0x4
                    0x0006                  WREG3 = 0x6
                    0x0006                  _WREG3 = 0x6
                    0x0008                  WREG4 = 0x8
                    0x0008                  _WREG4 = 0x8
                    0x000a                  WREG5 = 0xa
                    0x000a                  _WREG5 = 0xa
                    0x000c                  WREG6 = 0xc
                    0x000c                  _WREG6 = 0xc
                    0x000e                  WREG7 = 0xe
                    0x000e                  _WREG7 = 0xe
                    0x0010                  WREG8 = 0x10
                    0x0010                  _WREG8 = 0x10
                    0x0012                  WREG9 = 0x12
                    0x0012                  _WREG9 = 0x12
                    0x0014                  WREG10 = 0x14
                    0x0014                  _WREG10 = 0x14
                    0x0016                  WREG11 = 0x16
                    0x0016                  _WREG11 = 0x16
                    0x0018                  WREG12 = 0x18
                    0x0018                  _WREG12 = 0x18
                    0x001a                  WREG13 = 0x1a
                    0x001a                  _WREG13 = 0x1a
                    0x001c                  WREG14 = 0x1c
                    0x001c                  _WREG14 = 0x1c
                    0x001e                  WREG15 = 0x1e
                    0x001e                  _WREG15 = 0x1e
                    0x0020                  SPLIM = 0x20
                    0x0020                  _SPLIM = 0x20
                    0x002e                  PCL = 0x2e
                    0x002e                  _PCL = 0x2e
                    0x0030                  PCH = 0x30
                    0x0030                  _PCH = 0x30
                    0x0032                  TBLPAG = 0x32
                    0x0032                  _TBLPAG = 0x32
                    0x0034                  PSVPAG = 0x34
                    0x0034                  _PSVPAG = 0x34
                    0x0036                  RCOUNT = 0x36
                    0x0036                  _RCOUNT = 0x36
                    0x0042                  SR = 0x42
                    0x0042                  _SR = 0x42
                    0x0042                  _SRbits = 0x42
                    0x0044                  CORCON = 0x44
                    0x0044                  _CORCON = 0x44
                    0x0044                  _CORCONbits = 0x44
                    0x0052                  DISICNT = 0x52
                    0x0052                  _DISICNT = 0x52
                    0x0060                  CNEN1 = 0x60
                    0x0060                  _CNEN1 = 0x60
                    0x0060                  _CNEN1bits = 0x60
                    0x0062                  CNEN2 = 0x62
                    0x0062                  _CNEN2 = 0x62
                    0x0062                  _CNEN2bits = 0x62
                    0x0068                  CNPU1 = 0x68
                    0x0068                  _CNPU1 = 0x68
                    0x0068                  _CNPU1bits = 0x68
                    0x006a                  CNPU2 = 0x6a
                    0x006a                  _CNPU2 = 0x6a
                    0x006a                  _CNPU2bits = 0x6a
                    0x0080                  INTCON1 = 0x80
                    0x0080                  _INTCON1 = 0x80
                    0x0080                  _INTCON1bits = 0x80
                    0x0082                  INTCON2 = 0x82
                    0x0082                  _INTCON2 = 0x82
                    0x0082                  _INTCON2bits = 0x82
                    0x0084                  IFS0 = 0x84
                    0x0084                  _IFS0 = 0x84
                    0x0084                  _IFS0bits = 0x84
                    0x0086                  IFS1 = 0x86
                    0x0086                  _IFS1 = 0x86
                    0x0086                  _IFS1bits = 0x86
                    0x0088                  IFS2 = 0x88
                    0x0088                  _IFS2 = 0x88
                    0x0088                  _IFS2bits = 0x88
                    0x008a                  IFS3 = 0x8a
                    0x008a                  _IFS3 = 0x8a
                    0x008a                  _IFS3bits = 0x8a
                    0x008c                  IFS4 = 0x8c
                    0x008c                  _IFS4 = 0x8c
                    0x008c                  _IFS4bits = 0x8c
                    0x0094                  IEC0 = 0x94
                    0x0094                  _IEC0 = 0x94
                    0x0094                  _IEC0bits = 0x94
                    0x0096                  IEC1 = 0x96
                    0x0096                  _IEC1 = 0x96
                    0x0096                  _IEC1bits = 0x96
                    0x0098                  IEC2 = 0x98
                    0x0098                  _IEC2 = 0x98
                    0x0098                  _IEC2bits = 0x98
                    0x009a                  IEC3 = 0x9a
                    0x009a                  _IEC3 = 0x9a
                    0x009a                  _IEC3bits = 0x9a
                    0x009c                  IEC4 = 0x9c
                    0x009c                  _IEC4 = 0x9c
                    0x009c                  _IEC4bits = 0x9c
                    0x00a4                  IPC0 = 0xa4
                    0x00a4                  _IPC0 = 0xa4
                    0x00a4                  _IPC0bits = 0xa4
                    0x00a6                  IPC1 = 0xa6
                    0x00a6                  _IPC1 = 0xa6
                    0x00a6                  _IPC1bits = 0xa6
                    0x00a8                  IPC2 = 0xa8
                    0x00a8                  _IPC2 = 0xa8
                    0x00a8                  _IPC2bits = 0xa8
                    0x00aa                  IPC3 = 0xaa
                    0x00aa                  _IPC3 = 0xaa
                    0x00aa                  _IPC3bits = 0xaa
                    0x00ac                  IPC4 = 0xac
                    0x00ac                  _IPC4 = 0xac
                    0x00ac                  _IPC4bits = 0xac
                    0x00ae                  IPC5 = 0xae
                    0x00ae                  _IPC5 = 0xae
                    0x00ae                  _IPC5bits = 0xae
                    0x00b0                  IPC6 = 0xb0
                    0x00b0                  _IPC6 = 0xb0
                    0x00b0                  _IPC6bits = 0xb0
                    0x00b2                  IPC7 = 0xb2
                    0x00b2                  _IPC7 = 0xb2
                    0x00b2                  _IPC7bits = 0xb2
                    0x00b4                  IPC8 = 0xb4
                    0x00b4                  _IPC8 = 0xb4
                    0x00b4                  _IPC8bits = 0xb4
                    0x00b6                  IPC9 = 0xb6
                    0x00b6                  _IPC9 = 0xb6
                    0x00b6                  _IPC9bits = 0xb6
                    0x00b8                  IPC10 = 0xb8
                    0x00b8                  _IPC10 = 0xb8
                    0x00b8                  _IPC10bits = 0xb8
                    0x00ba                  IPC11 = 0xba
                    0x00ba                  _IPC11 = 0xba
                    0x00ba                  _IPC11bits = 0xba
                    0x00bc                  IPC12 = 0xbc
                    0x00bc                  _IPC12 = 0xbc
                    0x00bc                  _IPC12bits = 0xbc
                    0x00c2                  IPC15 = 0xc2
                    0x00c2                  _IPC15 = 0xc2
                    0x00c2                  _IPC15bits = 0xc2
                    0x00c4                  IPC16 = 0xc4
                    0x00c4                  _IPC16 = 0xc4
                    0x00c4                  _IPC16bits = 0xc4
                    0x00c8                  IPC18 = 0xc8
                    0x00c8                  _IPC18 = 0xc8
                    0x00c8                  _IPC18bits = 0xc8
                    0x0100                  TMR1 = 0x100
                    0x0100                  _TMR1 = 0x100
                    0x0102                  PR1 = 0x102
                    0x0102                  _PR1 = 0x102
                    0x0104                  T1CON = 0x104
                    0x0104                  _T1CON = 0x104
                    0x0104                  _T1CONbits = 0x104
                    0x0106                  TMR2 = 0x106
                    0x0106                  _TMR2 = 0x106
                    0x0108                  TMR3HLD = 0x108
                    0x0108                  _TMR3HLD = 0x108
                    0x010a                  TMR3 = 0x10a
                    0x010a                  _TMR3 = 0x10a
                    0x010c                  PR2 = 0x10c
                    0x010c                  _PR2 = 0x10c
                    0x010e                  PR3 = 0x10e
                    0x010e                  _PR3 = 0x10e
                    0x0110                  T2CON = 0x110
                    0x0110                  _T2CON = 0x110
                    0x0110                  _T2CONbits = 0x110
                    0x0112                  T3CON = 0x112
                    0x0112                  _T3CON = 0x112
                    0x0112                  _T3CONbits = 0x112
                    0x0114                  TMR4 = 0x114
                    0x0114                  _TMR4 = 0x114
                    0x0116                  TMR5HLD = 0x116
                    0x0116                  _TMR5HLD = 0x116
                    0x0118                  TMR5 = 0x118
                    0x0118                  _TMR5 = 0x118
                    0x011a                  PR4 = 0x11a
                    0x011a                  _PR4 = 0x11a
                    0x011c                  PR5 = 0x11c
                    0x011c                  _PR5 = 0x11c
                    0x011e                  T4CON = 0x11e
                    0x011e                  _T4CON = 0x11e
                    0x011e                  _T4CONbits = 0x11e
                    0x0120                  T5CON = 0x120
                    0x0120                  _T5CON = 0x120
                    0x0120                  _T5CONbits = 0x120
                    0x0140                  IC1BUF = 0x140
                    0x0140                  _IC1BUF = 0x140
                    0x0142                  IC1CON = 0x142
                    0x0142                  _IC1CON = 0x142
                    0x0142                  _IC1CONbits = 0x142
                    0x0144                  IC2BUF = 0x144
                    0x0144                  _IC2BUF = 0x144
                    0x0146                  IC2CON = 0x146
                    0x0146                  _IC2CON = 0x146
                    0x0146                  _IC2CONbits = 0x146
                    0x0148                  IC3BUF = 0x148
                    0x0148                  _IC3BUF = 0x148
                    0x014a                  IC3CON = 0x14a
                    0x014a                  _IC3CON = 0x14a
                    0x014a                  _IC3CONbits = 0x14a
                    0x014c                  IC4BUF = 0x14c
                    0x014c                  _IC4BUF = 0x14c
                    0x014e                  IC4CON = 0x14e
                    0x014e                  _IC4CON = 0x14e
                    0x014e                  _IC4CONbits = 0x14e
                    0x0150                  IC5BUF = 0x150
                    0x0150                  _IC5BUF = 0x150
                    0x0152                  IC5CON = 0x152
                    0x0152                  _IC5CON = 0x152
                    0x0152                  _IC5CONbits = 0x152
                    0x0180                  OC1RS = 0x180
                    0x0180                  _OC1RS = 0x180
                    0x0182                  OC1R = 0x182
                    0x0182                  _OC1R = 0x182
                    0x0184                  OC1CON = 0x184
                    0x0184                  _OC1CON = 0x184
                    0x0184                  _OC1CONbits = 0x184
                    0x0186                  OC2RS = 0x186
                    0x0186                  _OC2RS = 0x186
                    0x0188                  OC2R = 0x188
                    0x0188                  _OC2R = 0x188
                    0x018a                  OC2CON = 0x18a
                    0x018a                  _OC2CON = 0x18a
                    0x018a                  _OC2CONbits = 0x18a
                    0x018c                  OC3RS = 0x18c
                    0x018c                  _OC3RS = 0x18c
                    0x018e                  OC3R = 0x18e
                    0x018e                  _OC3R = 0x18e
                    0x0190                  OC3CON = 0x190
                    0x0190                  _OC3CON = 0x190
                    0x0190                  _OC3CONbits = 0x190
                    0x0192                  OC4RS = 0x192
                    0x0192                  _OC4RS = 0x192
                    0x0194                  OC4R = 0x194
                    0x0194                  _OC4R = 0x194
                    0x0196                  OC4CON = 0x196
                    0x0196                  _OC4CON = 0x196
                    0x0196                  _OC4CONbits = 0x196
                    0x0198                  OC5RS = 0x198
                    0x0198                  _OC5RS = 0x198
                    0x019a                  OC5R = 0x19a
                    0x019a                  _OC5R = 0x19a
                    0x019c                  OC5CON = 0x19c
                    0x019c                  _OC5CON = 0x19c
                    0x019c                  _OC5CONbits = 0x19c
                    0x0200                  I2C1RCV = 0x200
                    0x0200                  _I2C1RCV = 0x200
                    0x0202                  I2C1TRN = 0x202
                    0x0202                  _I2C1TRN = 0x202
                    0x0204                  I2C1BRG = 0x204
                    0x0204                  _I2C1BRG = 0x204
                    0x0206                  I2C1CON = 0x206
                    0x0206                  _I2C1CON = 0x206
                    0x0206                  _I2C1CONbits = 0x206
                    0x0208                  I2C1STAT = 0x208
                    0x0208                  _I2C1STAT = 0x208
                    0x0208                  _I2C1STATbits = 0x208
                    0x020a                  I2C1ADD = 0x20a
                    0x020a                  _I2C1ADD = 0x20a
                    0x020c                  I2C1MSK = 0x20c
                    0x020c                  _I2C1MSK = 0x20c
                    0x0210                  I2C2RCV = 0x210
                    0x0210                  _I2C2RCV = 0x210
                    0x0212                  I2C2TRN = 0x212
                    0x0212                  _I2C2TRN = 0x212
                    0x0214                  I2C2BRG = 0x214
                    0x0214                  _I2C2BRG = 0x214
                    0x0216                  I2C2CON = 0x216
                    0x0216                  _I2C2CON = 0x216
                    0x0216                  _I2C2CONbits = 0x216
                    0x0218                  I2C2STAT = 0x218
                    0x0218                  _I2C2STAT = 0x218
                    0x0218                  _I2C2STATbits = 0x218
                    0x021a                  I2C2ADD = 0x21a
                    0x021a                  _I2C2ADD = 0x21a
                    0x021c                  I2C2MSK = 0x21c
                    0x021c                  _I2C2MSK = 0x21c
                    0x0220                  U1MODE = 0x220
                    0x0220                  _U1MODE = 0x220
                    0x0220                  _U1MODEbits = 0x220
                    0x0222                  U1STA = 0x222
                    0x0222                  _U1STA = 0x222
                    0x0222                  _U1STAbits = 0x222
                    0x0224                  U1TXREG = 0x224
                    0x0224                  _U1TXREG = 0x224
                    0x0226                  U1RXREG = 0x226
                    0x0226                  _U1RXREG = 0x226
                    0x0228                  U1BRG = 0x228
                    0x0228                  _U1BRG = 0x228
                    0x0230                  U2MODE = 0x230
                    0x0230                  _U2MODE = 0x230
                    0x0230                  _U2MODEbits = 0x230
                    0x0232                  U2STA = 0x232
                    0x0232                  _U2STA = 0x232
                    0x0232                  _U2STAbits = 0x232
                    0x0234                  U2TXREG = 0x234
                    0x0234                  _U2TXREG = 0x234
                    0x0236                  U2RXREG = 0x236
                    0x0236                  _U2RXREG = 0x236
                    0x0238                  U2BRG = 0x238
                    0x0238                  _U2BRG = 0x238
                    0x0240                  SPI1STAT = 0x240
                    0x0240                  _SPI1STAT = 0x240
                    0x0240                  _SPI1STATbits = 0x240
                    0x0242                  SPI1CON1 = 0x242
                    0x0242                  _SPI1CON1 = 0x242
                    0x0242                  _SPI1CON1bits = 0x242
                    0x0244                  SPI1CON2 = 0x244
                    0x0244                  _SPI1CON2 = 0x244
                    0x0244                  _SPI1CON2bits = 0x244
                    0x0248                  SPI1BUF = 0x248
                    0x0248                  _SPI1BUF = 0x248
                    0x0260                  SPI2STAT = 0x260
                    0x0260                  _SPI2STAT = 0x260
                    0x0260                  _SPI2STATbits = 0x260
                    0x0262                  SPI2CON1 = 0x262
                    0x0262                  _SPI2CON1 = 0x262
                    0x0262                  _SPI2CON1bits = 0x262
                    0x0264                  SPI2CON2 = 0x264
                    0x0264                  _SPI2CON2 = 0x264
                    0x0264                  _SPI2CON2bits = 0x264
                    0x0268                  SPI2BUF = 0x268
                    0x0268                  _SPI2BUF = 0x268
                    0x02c0                  TRISA = 0x2c0
                    0x02c0                  _TRISA = 0x2c0
                    0x02c0                  _TRISAbits = 0x2c0
                    0x02c2                  PORTA = 0x2c2
                    0x02c2                  _PORTA = 0x2c2
                    0x02c2                  _PORTAbits = 0x2c2
                    0x02c4                  LATA = 0x2c4
                    0x02c4                  _LATA = 0x2c4
                    0x02c4                  _LATAbits = 0x2c4
                    0x02c6                  ODCA = 0x2c6
                    0x02c6                  _ODCA = 0x2c6
                    0x02c6                  _ODCAbits = 0x2c6
                    0x02c8                  TRISB = 0x2c8
                    0x02c8                  _TRISB = 0x2c8
                    0x02c8                  _TRISBbits = 0x2c8
                    0x02ca                  PORTB = 0x2ca
                    0x02ca                  _PORTB = 0x2ca
                    0x02ca                  _PORTBbits = 0x2ca
                    0x02cc                  LATB = 0x2cc
                    0x02cc                  _LATB = 0x2cc
                    0x02cc                  _LATBbits = 0x2cc
                    0x02ce                  ODCB = 0x2ce
                    0x02ce                  _ODCB = 0x2ce
                    0x02ce                  _ODCBbits = 0x2ce
                    0x02fc                  PADCFG1 = 0x2fc
                    0x02fc                  _PADCFG1 = 0x2fc
                    0x02fc                  _PADCFG1bits = 0x2fc
                    0x0300                  ADC1BUF0 = 0x300
                    0x0300                  _ADC1BUF0 = 0x300
                    0x0302                  ADC1BUF1 = 0x302
                    0x0302                  _ADC1BUF1 = 0x302
                    0x0304                  ADC1BUF2 = 0x304
                    0x0304                  _ADC1BUF2 = 0x304
                    0x0306                  ADC1BUF3 = 0x306
                    0x0306                  _ADC1BUF3 = 0x306
                    0x0308                  ADC1BUF4 = 0x308
                    0x0308                  _ADC1BUF4 = 0x308
                    0x030a                  ADC1BUF5 = 0x30a
                    0x030a                  _ADC1BUF5 = 0x30a
                    0x030c                  ADC1BUF6 = 0x30c
                    0x030c                  _ADC1BUF6 = 0x30c
                    0x030e                  ADC1BUF7 = 0x30e
                    0x030e                  _ADC1BUF7 = 0x30e
                    0x0310                  ADC1BUF8 = 0x310
                    0x0310                  _ADC1BUF8 = 0x310
                    0x0312                  ADC1BUF9 = 0x312
                    0x0312                  _ADC1BUF9 = 0x312
                    0x0314                  ADC1BUFA = 0x314
                    0x0314                  _ADC1BUFA = 0x314
                    0x0316                  ADC1BUFB = 0x316
                    0x0316                  _ADC1BUFB = 0x316
                    0x0318                  ADC1BUFC = 0x318
                    0x0318                  _ADC1BUFC = 0x318
                    0x031a                  ADC1BUFD = 0x31a
                    0x031a                  _ADC1BUFD = 0x31a
                    0x031c                  ADC1BUFE = 0x31c
                    0x031c                  _ADC1BUFE = 0x31c
                    0x031e                  ADC1BUFF = 0x31e
                    0x031e                  _ADC1BUFF = 0x31e
                    0x0320                  AD1CON1 = 0x320
                    0x0320                  _AD1CON1 = 0x320
                    0x0320                  _AD1CON1bits = 0x320
                    0x0322                  AD1CON2 = 0x322
                    0x0322                  _AD1CON2 = 0x322
                    0x0322                  _AD1CON2bits = 0x322
                    0x0324                  AD1CON3 = 0x324
                    0x0324                  _AD1CON3 = 0x324
                    0x0324                  _AD1CON3bits = 0x324
                    0x0328                  AD1CHS = 0x328
                    0x0328                  _AD1CHS = 0x328
                    0x0328                  _AD1CHSbits = 0x328
                    0x032c                  AD1PCFG = 0x32c
                    0x032c                  _AD1PCFG = 0x32c
                    0x032c                  _AD1PCFGbits = 0x32c
                    0x0330                  AD1CSSL = 0x330
                    0x0330                  _AD1CSSL = 0x330
                    0x0330                  _AD1CSSLbits = 0x330
                    0x0600                  PMCON = 0x600
                    0x0600                  _PMCON = 0x600
                    0x0600                  _PMCONbits = 0x600
                    0x0602                  PMMODE = 0x602
                    0x0602                  _PMMODE = 0x602
                    0x0602                  _PMMODEbits = 0x602
                    0x0604                  PMADDR = 0x604
                    0x0604                  _PMADDR = 0x604
                    0x0604                  _PMADDRbits = 0x604
                    0x0604                  PMDOUT1 = 0x604
                    0x0604                  _PMDOUT1 = 0x604
                    0x0604                  _PMDOUT1bits = 0x604
                    0x0606                  PMDOUT2 = 0x606
                    0x0606                  _PMDOUT2 = 0x606
                    0x0608                  PMDIN1 = 0x608
                    0x0608                  _PMDIN1 = 0x608
                    0x060a                  PMDIN2 = 0x60a
                    0x060a                  _PMDIN2 = 0x60a
                    0x060c                  PMAEN = 0x60c
                    0x060c                  _PMAEN = 0x60c
                    0x060c                  _PMAENbits = 0x60c
                    0x060e                  PMSTAT = 0x60e
                    0x060e                  _PMSTAT = 0x60e
                    0x060e                  _PMSTATbits = 0x60e
                    0x0620                  ALRMVAL = 0x620
                    0x0620                  _ALRMVAL = 0x620
                    0x0622                  ALCFGRPT = 0x622
                    0x0622                  _ALCFGRPT = 0x622
                    0x0622                  _ALCFGRPTbits = 0x622
                    0x0624                  RTCVAL = 0x624
                    0x0624                  _RTCVAL = 0x624
                    0x0626                  RCFGCAL = 0x626
                    0x0626                  _RCFGCAL = 0x626
                    0x0626                  _RCFGCALbits = 0x626
                    0x0630                  CMCON = 0x630
                    0x0630                  _CMCON = 0x630
                    0x0630                  _CMCONbits = 0x630
                    0x0632                  CVRCON = 0x632
                    0x0632                  _CVRCON = 0x632
                    0x0632                  _CVRCONbits = 0x632
                    0x0640                  CRCCON = 0x640
                    0x0640                  _CRCCON = 0x640
                    0x0640                  _CRCCONbits = 0x640
                    0x0642                  CRCXOR = 0x642
                    0x0642                  _CRCXOR = 0x642
                    0x0642                  _CRCXORbits = 0x642
                    0x0644                  CRCDAT = 0x644
                    0x0644                  _CRCDAT = 0x644
                    0x0646                  CRCWDAT = 0x646
                    0x0646                  _CRCWDAT = 0x646
                    0x0680                  RPINR0 = 0x680
                    0x0680                  _RPINR0 = 0x680
                    0x0680                  _RPINR0bits = 0x680
                    0x0682                  RPINR1 = 0x682
                    0x0682                  _RPINR1 = 0x682
                    0x0682                  _RPINR1bits = 0x682
                    0x0686                  RPINR3 = 0x686
                    0x0686                  _RPINR3 = 0x686
                    0x0686                  _RPINR3bits = 0x686
                    0x0688                  RPINR4 = 0x688
                    0x0688                  _RPINR4 = 0x688
                    0x0688                  _RPINR4bits = 0x688
                    0x068e                  RPINR7 = 0x68e
                    0x068e                  _RPINR7 = 0x68e
                    0x068e                  _RPINR7bits = 0x68e
                    0x0690                  RPINR8 = 0x690
                    0x0690                  _RPINR8 = 0x690
                    0x0690                  _RPINR8bits = 0x690
                    0x0692                  RPINR9 = 0x692
                    0x0692                  _RPINR9 = 0x692
                    0x0692                  _RPINR9bits = 0x692
                    0x0696                  RPINR11 = 0x696
                    0x0696                  _RPINR11 = 0x696
                    0x0696                  _RPINR11bits = 0x696
                    0x06a4                  RPINR18 = 0x6a4
                    0x06a4                  _RPINR18 = 0x6a4
                    0x06a4                  _RPINR18bits = 0x6a4
                    0x06a6                  RPINR19 = 0x6a6
                    0x06a6                  _RPINR19 = 0x6a6
                    0x06a6                  _RPINR19bits = 0x6a6
                    0x06a8                  RPINR20 = 0x6a8
                    0x06a8                  _RPINR20 = 0x6a8
                    0x06a8                  _RPINR20bits = 0x6a8
                    0x06aa                  RPINR21 = 0x6aa
                    0x06aa                  _RPINR21 = 0x6aa
                    0x06aa                  _RPINR21bits = 0x6aa
                    0x06ac                  RPINR22 = 0x6ac
                    0x06ac                  _RPINR22 = 0x6ac
                    0x06ac                  _RPINR22bits = 0x6ac
                    0x06ae                  RPINR23 = 0x6ae
                    0x06ae                  _RPINR23 = 0x6ae
                    0x06ae                  _RPINR23bits = 0x6ae
                    0x06c0                  RPOR0 = 0x6c0
                    0x06c0                  _RPOR0 = 0x6c0
                    0x06c0                  _RPOR0bits = 0x6c0
                    0x06c2                  RPOR1 = 0x6c2
                    0x06c2                  _RPOR1 = 0x6c2
                    0x06c2                  _RPOR1bits = 0x6c2
                    0x06c4                  RPOR2 = 0x6c4
                    0x06c4                  _RPOR2 = 0x6c4
                    0x06c4                  _RPOR2bits = 0x6c4
                    0x06c6                  RPOR3 = 0x6c6
                    0x06c6                  _RPOR3 = 0x6c6
                    0x06c6                  _RPOR3bits = 0x6c6
                    0x06c8                  RPOR4 = 0x6c8
                    0x06c8                  _RPOR4 = 0x6c8
                    0x06c8                  _RPOR4bits = 0x6c8
                    0x06ca                  RPOR5 = 0x6ca
                    0x06ca                  _RPOR5 = 0x6ca
                    0x06ca                  _RPOR5bits = 0x6ca
                    0x06cc                  RPOR6 = 0x6cc
                    0x06cc                  _RPOR6 = 0x6cc
                    0x06cc                  _RPOR6bits = 0x6cc
                    0x06ce                  RPOR7 = 0x6ce
                    0x06ce                  _RPOR7 = 0x6ce
                    0x06ce                  _RPOR7bits = 0x6ce
                    0x0740                  RCON = 0x740
                    0x0740                  _RCON = 0x740
                    0x0740                  _RCONbits = 0x740
                    0x0742                  OSCCON = 0x742
                    0x0742                  _OSCCON = 0x742
                    0x0742                  _OSCCONbits = 0x742
                    0x0742                  OSCCONL = 0x742
                    0x0742                  _OSCCONL = 0x742
                    0x0743                  OSCCONH = 0x743
                    0x0743                  _OSCCONH = 0x743
                    0x0744                  CLKDIV = 0x744
                    0x0744                  _CLKDIV = 0x744
                    0x0744                  _CLKDIVbits = 0x744
                    0x0748                  OSCTUN = 0x748
                    0x0748                  _OSCTUN = 0x748
                    0x0748                  _OSCTUNbits = 0x748
                    0x0760                  NVMCON = 0x760
                    0x0760                  _NVMCON = 0x760
                    0x0760                  _NVMCONbits = 0x760
                    0x0766                  NVMKEY = 0x766
                    0x0766                  _NVMKEY = 0x766
                    0x0770                  PMD1 = 0x770
                    0x0770                  _PMD1 = 0x770
                    0x0770                  _PMD1bits = 0x770
                    0x0772                  PMD2 = 0x772
                    0x0772                  _PMD2 = 0x772
                    0x0772                  _PMD2bits = 0x772
                    0x0774                  PMD3 = 0x774
                    0x0774                  _PMD3 = 0x774
                    0x0774                  _PMD3bits = 0x774
                    0x0140                  IC1 = 0x140
                    0x0140                  _IC1 = 0x140
                    0x0144                  IC2 = 0x144
                    0x0144                  _IC2 = 0x144
                    0x0148                  IC3 = 0x148
                    0x0148                  _IC3 = 0x148
                    0x014c                  IC4 = 0x14c
                    0x014c                  _IC4 = 0x14c
                    0x0150                  IC5 = 0x150
                    0x0150                  _IC5 = 0x150
                    0x0180                  OC1 = 0x180
                    0x0180                  _OC1 = 0x180
                    0x0186                  OC2 = 0x186
                    0x0186                  _OC2 = 0x186
                    0x018c                  OC3 = 0x18c
                    0x018c                  _OC3 = 0x18c
                    0x0192                  OC4 = 0x192
                    0x0192                  _OC4 = 0x192
                    0x0198                  OC5 = 0x198
                    0x0198                  _OC5 = 0x198
                    0x0240                  SPI1 = 0x240
                    0x0240                  _SPI1 = 0x240
                    0x0260                  SPI2 = 0x260
                    0x0260                  _SPI2 = 0x260
                    0x0220                  UART1 = 0x220
                    0x0220                  _UART1 = 0x220
                    0x0230                  UART2 = 0x230
                    0x0230                  _UART2 = 0x230
START GROUP
LOAD c:/ecc-lab/embedded/compilers/xc16/bin/bin/../../lib\liblega-pic30-elf.a
LOAD c:/ecc-lab/embedded/compilers/xc16/bin/bin/../../lib\libm-elf.a
LOAD c:/ecc-lab/embedded/compilers/xc16/bin/bin/../../lib\liblega-c-elf.a
END GROUP
OUTPUT(./output/objects/elf.elf elf32-pic30)
LOAD jump_table
LOAD default_isr
LOAD heap
LOAD data_init

.debug_pubtypes
                  0x000150        0x7fb
 .debug_pubtypes
                  0x000150         0x59 ./output/objects/main.o
 .debug_pubtypes
                  0x0001a9         0x1f ../../../library/BSP/dist/libs/ecc-pic24-bsp.a(BSP_Main.o)
 .debug_pubtypes
                  0x0001c8         0x40 ../../../library/BSP/dist/libs/ecc-pic24-bsp.a(BSP_Mcu.o)
 .debug_pubtypes
                  0x000208         0x8f ../../../library/BSP/dist/libs/ecc-pic24-bsp.a(BSP_SysTick.o)
 .debug_pubtypes
                  0x000297         0x66 ../../../library/BSP/dist/libs/ecc-pic24-bsp.a(BSP_PswKey.o)
 .debug_pubtypes
                  0x0002fd         0xdf ../../../library/BSP/dist/libs/ecc-pic24-bsp.a(BSP_Beep.o)
 .debug_pubtypes
                  0x0003dc        0x13d ../../../library/BSP/dist/libs/ecc-pic24-bsp.a(BSP_Adc.o)
 .debug_pubtypes
                  0x000519         0x54 ../../../library/BSP/dist/libs/ecc-pic24-bsp.a(BSP_LedBlink.o)
 .debug_pubtypes
                  0x00056d         0xa3 ../../../library/BSP/dist/libs/ecc-pic24-bsp.a(BSP_Led.o)
 .debug_pubtypes
                  0x000610         0x4a ../../../library/BSP/dist/libs/ecc-pic24-bsp.a(BSP_Psw.o)
 .debug_pubtypes
                  0x00065a        0x245 ../../../library/BSP/dist/libs/ecc-pic24-bsp.a(BSP_Uart.o)
 .debug_pubtypes
                  0x00089f         0x35 ../../../library/BSP/dist/libs/ecc-pic24-bsp.a(BSP_Queue.o)
 .debug_pubtypes
                  0x0008d4         0x1f ../../../library/RTL/dist/libs/ecc-pic24-rtl.a(RTL_Main.o)
 .debug_pubtypes
                  0x0008f3         0x58 ../../../library/RTL/dist/libs/ecc-pic24-rtl.a(RTL_Timer.o)

__c30_signature
                  0x00094b        0x1c8
 __c30_signature
                  0x00094b          0x6 ./output/objects/main.o
 __c30_signature
                  0x000951          0x6 ../../../library/BSP/dist/libs/ecc-pic24-bsp.a(BSP_Main.o)
 __c30_signature
                  0x000957          0x6 ../../../library/BSP/dist/libs/ecc-pic24-bsp.a(BSP_Mcu.o)
 __c30_signature
                  0x00095d          0x6 ../../../library/BSP/dist/libs/ecc-pic24-bsp.a(BSP_SysTick.o)
 __c30_signature
                  0x000963          0x6 ../../../library/BSP/dist/libs/ecc-pic24-bsp.a(BSP_PswKey.o)
 __c30_signature
                  0x000969          0x6 ../../../library/BSP/dist/libs/ecc-pic24-bsp.a(BSP_Beep.o)
 __c30_signature
                  0x00096f          0x6 ../../../library/BSP/dist/libs/ecc-pic24-bsp.a(BSP_Adc.o)
 __c30_signature
                  0x000975          0x6 ../../../library/BSP/dist/libs/ecc-pic24-bsp.a(BSP_LedBlink.o)
 __c30_signature
                  0x00097b          0x6 ../../../library/BSP/dist/libs/ecc-pic24-bsp.a(BSP_Led.o)
 __c30_signature
                  0x000981          0x6 ../../../library/BSP/dist/libs/ecc-pic24-bsp.a(BSP_Psw.o)
 __c30_signature
                  0x000987          0x6 ../../../library/BSP/dist/libs/ecc-pic24-bsp.a(BSP_Uart.o)
 __c30_signature
                  0x00098d          0x6 ../../../library/BSP/dist/libs/ecc-pic24-bsp.a(BSP_Queue.o)
 __c30_signature
                  0x000993          0x6 ../../../library/RTL/dist/libs/ecc-pic24-rtl.a(RTL_Main.o)
 __c30_signature
                  0x000999          0x6 ../../../library/RTL/dist/libs/ecc-pic24-rtl.a(RTL_Timer.o)
 __c30_signature
                  0x00099f          0x6 c:/ecc-lab/embedded/compilers/xc16/bin/bin/../../lib\liblega-pic30-elf.a(crt0_standard.o)
 __c30_signature
                  0x0009a5          0x6 c:/ecc-lab/embedded/compilers/xc16/bin/bin/../../lib\liblega-pic30-elf.a(data_init_standard.o)
 __c30_signature
                  0x0009ab          0x6 c:/ecc-lab/embedded/compilers/xc16/bin/bin/../../lib\libm-elf.a(addsf3.eo)
 __c30_signature
                  0x0009b1          0x6 c:/ecc-lab/embedded/compilers/xc16/bin/bin/../../lib\libm-elf.a(divsf3.eo)
 __c30_signature
                  0x0009b7          0x6 c:/ecc-lab/embedded/compilers/xc16/bin/bin/../../lib\libm-elf.a(feqltle.eo)
 __c30_signature
                  0x0009bd          0x6 c:/ecc-lab/embedded/compilers/xc16/bin/bin/../../lib\libm-elf.a(fgtge.eo)
 __c30_signature
                  0x0009c3          0x6 c:/ecc-lab/embedded/compilers/xc16/bin/bin/../../lib\libm-elf.a(fixunssfsi.eo)
 __c30_signature
                  0x0009c9          0x6 c:/ecc-lab/embedded/compilers/xc16/bin/bin/../../lib\libm-elf.a(floatsisf.eo)
 __c30_signature
                  0x0009cf          0x6 c:/ecc-lab/embedded/compilers/xc16/bin/bin/../../lib\libm-elf.a(floatunsisf.eo)
 __c30_signature
                  0x0009d5          0x6 c:/ecc-lab/embedded/compilers/xc16/bin/bin/../../lib\libm-elf.a(fne.eo)
 __c30_signature
                  0x0009db          0x6 c:/ecc-lab/embedded/compilers/xc16/bin/bin/../../lib\libm-elf.a(fpack.eo)
 __c30_signature
                  0x0009e1          0x6 c:/ecc-lab/embedded/compilers/xc16/bin/bin/../../lib\libm-elf.a(funpack.eo)
 __c30_signature
                  0x0009e7          0x6 c:/ecc-lab/embedded/compilers/xc16/bin/bin/../../lib\libm-elf.a(funpack2.eo)
 __c30_signature
                  0x0009ed          0x6 c:/ecc-lab/embedded/compilers/xc16/bin/bin/../../lib\libm-elf.a(futil.eo)
 __c30_signature
                  0x0009f3          0x6 c:/ecc-lab/embedded/compilers/xc16/bin/bin/../../lib\libm-elf.a(mulsf3.eo)
 __c30_signature
                  0x0009f9          0x6 c:/ecc-lab/embedded/compilers/xc16/bin/bin/../../lib\libm-elf.a(fcompare.eo)
 __c30_signature
                  0x0009ff          0x6 c:/ecc-lab/embedded/compilers/xc16/bin/bin/../../lib\libm-elf.a(floatdisf.eo)
 __c30_signature
                  0x000a05          0x6 c:/ecc-lab/embedded/compilers/xc16/bin/bin/../../lib\libm-elf.a(floatundisf.eo)
 __c30_signature
                  0x000a0b          0x6 c:/ecc-lab/embedded/compilers/xc16/bin/bin/../../lib\liblega-c-elf.a(free.XX_eo)
 __c30_signature
                  0x000a11          0x6 c:/ecc-lab/embedded/compilers/xc16/bin/bin/../../lib\liblega-c-elf.a(malloc.XX_eo)
 __c30_signature
                  0x000a17          0x6 c:/ecc-lab/embedded/compilers/xc16/bin/bin/../../lib\liblega-c-elf.a(strlen.XX_eo)
 __c30_signature
                  0x000a1d          0x6 c:/ecc-lab/embedded/compilers/xc16/bin/bin/../../lib\liblega-c-elf.a(xgetmem.XX_eo)
 __c30_signature
                  0x000a23          0x6 c:/ecc-lab/embedded/compilers/xc16/bin/bin/../../lib\liblega-c-elf.a(vsprintf.XX_eo)
 __c30_signature
                  0x000a29          0x6 c:/ecc-lab/embedded/compilers/xc16/bin/bin/../../lib\liblega-c-elf.a(xprintf.XX_eo)
 __c30_signature
                  0x000a2f          0x6 c:/ecc-lab/embedded/compilers/xc16/bin/bin/../../lib\liblega-c-elf.a(xputfld.XX_eo)
 __c30_signature
                  0x000a35          0x6 c:/ecc-lab/embedded/compilers/xc16/bin/bin/../../lib\liblega-c-elf.a(strchr.XX_elo)
 __c30_signature
                  0x000a3b          0x6 c:/ecc-lab/embedded/compilers/xc16/bin/bin/../../lib\liblega-c-elf.a(xvacopy.XX_elo)
 __c30_signature
                  0x000a41          0x6 c:/ecc-lab/embedded/compilers/xc16/bin/bin/../../lib\liblega-c-elf.a(memchr.XX_eo)
 __c30_signature
                  0x000a47          0x6 c:/ecc-lab/embedded/compilers/xc16/bin/bin/../../lib\liblega-c-elf.a(memcpy.XX_eo)
 __c30_signature
                  0x000a4d          0x6 c:/ecc-lab/embedded/compilers/xc16/bin/bin/../../lib\liblega-c-elf.a(xldtob.XX_eo)
 __c30_signature
                  0x000a53          0x6 c:/ecc-lab/embedded/compilers/xc16/bin/bin/../../lib\liblega-c-elf.a(xldunsca.XX_eo)
 __c30_signature
                  0x000a59          0x6 c:/ecc-lab/embedded/compilers/xc16/bin/bin/../../lib\liblega-c-elf.a(xlitob.XX_eo)
 __c30_signature
                  0x000a5f          0x6 c:/ecc-lab/embedded/compilers/xc16/bin/bin/../../lib\liblega-c-elf.a(xputtxt.XX_eo)
 __c30_signature
                  0x000a65          0x6 c:/ecc-lab/embedded/compilers/xc16/bin/bin/../../lib\liblega-c-elf.a(ldiv.XX_elo)
 __c30_signature
                  0x000a6b          0x6 c:/ecc-lab/embedded/compilers/xc16/bin/bin/../../lib\liblega-c-elf.a(xdnorm.XX_elo)
 __c30_signature
                  0x000a71          0x6 c:/ecc-lab/embedded/compilers/xc16/bin/bin/../../lib\liblega-c-elf.a(xldscale.XX_elo)
 __c30_signature
                  0x000a77          0x6 c:/ecc-lab/embedded/compilers/xc16/bin/bin/../../lib\liblega-c-elf.a(xgenld.XX_eo)
 __c30_signature
                  0x000a7d          0x6 c:/ecc-lab/embedded/compilers/xc16/bin/bin/../../lib\liblega-c-elf.a(div.XX_elo)
 __c30_signature
                  0x000a83          0x6 c:/ecc-lab/embedded/compilers/xc16/bin/bin/../../lib\liblega-pic30-elf.a(sbrk.Leo)
 __c30_signature
                  0x000a89          0x6 c:/ecc-lab/embedded/compilers/xc16/bin/bin/../../lib\liblega-pic30-elf.a(brk.Lelo)
 __c30_signature
                  0x000a8f          0x6 c:/ecc-lab/embedded/compilers/xc16/bin/bin/../../lib\libm-elf.a(deqltle.eo)
 __c30_signature
                  0x000a95          0x6 c:/ecc-lab/embedded/compilers/xc16/bin/bin/../../lib\libm-elf.a(dgtge.eo)
 __c30_signature
                  0x000a9b          0x6 c:/ecc-lab/embedded/compilers/xc16/bin/bin/../../lib\libm-elf.a(divdf3.eo)
 __c30_signature
                  0x000aa1          0x6 c:/ecc-lab/embedded/compilers/xc16/bin/bin/../../lib\libm-elf.a(divsi3.eo)
 __c30_signature
                  0x000aa7          0x6 c:/ecc-lab/embedded/compilers/xc16/bin/bin/../../lib\libm-elf.a(dpack.eo)
 __c30_signature
                  0x000aad          0x6 c:/ecc-lab/embedded/compilers/xc16/bin/bin/../../lib\libm-elf.a(dunpack2.eo)
 __c30_signature
                  0x000ab3          0x6 c:/ecc-lab/embedded/compilers/xc16/bin/bin/../../lib\libm-elf.a(extendsfdf.eo)
 __c30_signature
                  0x000ab9          0x6 c:/ecc-lab/embedded/compilers/xc16/bin/bin/../../lib\libm-elf.a(fixdfsi.eo)
 __c30_signature
                  0x000abf          0x6 c:/ecc-lab/embedded/compilers/xc16/bin/bin/../../lib\libm-elf.a(floatsidf.eo)
 __c30_signature
                  0x000ac5          0x6 c:/ecc-lab/embedded/compilers/xc16/bin/bin/../../lib\libm-elf.a(muldf3.eo)
 __c30_signature
                  0x000acb          0x6 c:/ecc-lab/embedded/compilers/xc16/bin/bin/../../lib\libm-elf.a(subdf3.eo)
 __c30_signature
                  0x000ad1          0x6 c:/ecc-lab/embedded/compilers/xc16/bin/bin/../../lib\libm-elf.a(udivsi3.eo)
 __c30_signature
                  0x000ad7          0x6 c:/ecc-lab/embedded/compilers/xc16/bin/bin/../../lib\libm-elf.a(umodsi3.eo)
 __c30_signature
                  0x000add          0x6 c:/ecc-lab/embedded/compilers/xc16/bin/bin/../../lib\libm-elf.a(mulsi3.eo)
 __c30_signature
                  0x000ae3          0x6 c:/ecc-lab/embedded/compilers/xc16/bin/bin/../../lib\libm-elf.a(divmoddi3.eo)
 __c30_signature
                  0x000ae9          0x6 c:/ecc-lab/embedded/compilers/xc16/bin/bin/../../lib\libm-elf.a(adddf3.eo)
 __c30_signature
                  0x000aef          0x6 c:/ecc-lab/embedded/compilers/xc16/bin/bin/../../lib\libm-elf.a(dcompare.eo)
 __c30_signature
                  0x000af5          0x6 c:/ecc-lab/embedded/compilers/xc16/bin/bin/../../lib\libm-elf.a(dpropagateNaN.eo)
 __c30_signature
                  0x000afb          0x6 c:/ecc-lab/embedded/compilers/xc16/bin/bin/../../lib\libm-elf.a(dtype.eo)
 __c30_signature
                  0x000b01          0x6 c:/ecc-lab/embedded/compilers/xc16/bin/bin/../../lib\libm-elf.a(dunpack.eo)
 __c30_signature
                  0x000b07          0x6 c:/ecc-lab/embedded/compilers/xc16/bin/bin/../../lib\libm-elf.a(floatdidf.eo)
 __c30_signature
                  0x000b0d          0x6 c:/ecc-lab/embedded/compilers/xc16/bin/bin/../../lib\libm-elf.a(floatundidf.eo)

.nbss               0x0800         0x14
 .nbss              0x0800          0x8 ../../../library/BSP/dist/libs/ecc-pic24-bsp.a(BSP_Adc.o)
 .nbss              0x0808          0x6 ../../../library/BSP/dist/libs/ecc-pic24-bsp.a(BSP_SysTick.o)
 .nbss              0x080e          0x2 ../../../library/BSP/dist/libs/ecc-pic24-bsp.a(BSP_Main.o)
 .nbss              0x0810          0x2 ../../../library/RTL/dist/libs/ecc-pic24-rtl.a(RTL_Main.o)
 .nbss              0x0812          0x2 ../../../library/RTL/dist/libs/ecc-pic24-rtl.a(RTL_Timer.o)

.data               0x0814         0x7a
 .data              0x0814         0x7a c:/ecc-lab/embedded/compilers/xc16/bin/bin/../../lib\liblega-c-elf.a(xldtob.XX_eo)

.bss                0x088e        0x1ec
 .bss               0x088e         0x78 ../../../library/RTL/dist/libs/ecc-pic24-rtl.a(RTL_Timer.o)
 .bss               0x0906         0x74 ../../../library/BSP/dist/libs/ecc-pic24-bsp.a(BSP_Uart.o)
                    0x0906                  _u1
                    0x0928                  _u2
                    0x094a                  _u1rxqueue
                    0x0956                  _u1txqueue
                    0x0962                  _u2rxqueue
                    0x096e                  _u2txqueue
 .bss               0x097a         0x68 ../../../library/BSP/dist/libs/ecc-pic24-bsp.a(BSP_PswKey.o)
 .bss               0x09e2         0x50 ../../../library/BSP/dist/libs/ecc-pic24-bsp.a(BSP_LedBlink.o)
 .bss               0x0a32         0x48 ../../../library/BSP/dist/libs/ecc-pic24-bsp.a(BSP_Adc.o)

.data               0x0a7a         0x3c
 .data              0x0a7a         0x22 c:/ecc-lab/embedded/compilers/xc16/bin/bin/../../lib\liblega-c-elf.a(xlitob.XX_eo)
 .data              0x0a9c         0x1a c:/ecc-lab/embedded/compilers/xc16/bin/bin/../../lib\liblega-c-elf.a(xprintf.XX_eo)

.bss                0x0ab6         0x1e
 .bss               0x0ab6         0x14 ../../../library/BSP/dist/libs/ecc-pic24-bsp.a(BSP_Beep.o)
 .bss               0x0aca          0x6 ../../../library/BSP/dist/libs/ecc-pic24-bsp.a(BSP_SysTick.o)
 .bss               0x0ad0          0x4 c:/ecc-lab/embedded/compilers/xc16/bin/bin/../../lib\liblega-c-elf.a(malloc.XX_eo)
                    0x0ad0                  __Aldata

.data               0x0ad4          0x4
 .data              0x0ad4          0x2 c:/ecc-lab/embedded/compilers/xc16/bin/bin/../../lib\liblega-c-elf.a(malloc.XX_eo)
                    0x0ad4                  __Size_block
 .data              0x0ad6          0x2 c:/ecc-lab/embedded/compilers/xc16/bin/bin/../../lib\liblega-c-elf.a(xgenld.XX_eo)

.bss                0x0ad8          0x2
 .bss               0x0ad8          0x2 c:/ecc-lab/embedded/compilers/xc16/bin/bin/../../lib\liblega-pic30-elf.a(brk.Lelo)
                    0x0ad8                  ___curbrk

.heap               0x0ada        0xc18
 .heap              0x0ada        0xc18 heap

.ivt._T1Interrupt
                  0x00001a          0x2
 .ivt._T1Interrupt
                  0x00001a          0x2 ./output/objects/main.o

.config_JTAGEN    0x0083fe          0x2
 .config_JTAGEN
                  0x0083fe          0x2 ../../../library/BSP/dist/libs/ecc-pic24-bsp.a(BSP_Mcu.o)

.config_IESO      0x0083fc          0x2
 .config_IESO     0x0083fc          0x2 ../../../library/BSP/dist/libs/ecc-pic24-bsp.a(BSP_Mcu.o)

.ivt._ADC1Interrupt
                  0x00002e          0x2
 .ivt._ADC1Interrupt
                  0x00002e          0x2 ../../../library/BSP/dist/libs/ecc-pic24-bsp.a(BSP_Adc.o)

.ivt._U1RXInterrupt
                  0x00002a          0x2
 .ivt._U1RXInterrupt
                  0x00002a          0x2 ../../../library/BSP/dist/libs/ecc-pic24-bsp.a(BSP_Uart.o)

.ivt._U2RXInterrupt
                  0x000050          0x2
 .ivt._U2RXInterrupt
                  0x000050          0x2 ../../../library/BSP/dist/libs/ecc-pic24-bsp.a(BSP_Uart.o)

.ivt._U1TXInterrupt
                  0x00002c          0x2
 .ivt._U1TXInterrupt
                  0x00002c          0x2 ../../../library/BSP/dist/libs/ecc-pic24-bsp.a(BSP_Uart.o)

.ivt._U2TXInterrupt
                  0x000052          0x2
 .ivt._U2TXInterrupt
                  0x000052          0x2 ../../../library/BSP/dist/libs/ecc-pic24-bsp.a(BSP_Uart.o)

.const              0xa1b6         0xdc load address 0x0021b6  
 .const             0xa1b6         0x44 ../../../library/BSP/dist/libs/ecc-pic24-bsp.a(BSP_Uart.o)
 .const             0xa1fa         0x42 ./output/objects/main.o
 .const             0xa23c         0x2c ../../../library/BSP/dist/libs/ecc-pic24-bsp.a(BSP_Beep.o)
 .const             0xa268         0x2a ../../../library/BSP/dist/libs/ecc-pic24-bsp.a(BSP_PswKey.o)

.text             0x002292       0x2154
 .text            0x002292        0xdce ../../../library/BSP/dist/libs/ecc-pic24-bsp.a(BSP_Uart.o)
                  0x00239a                  _Uart1_SetTxBuffer
                  0x0023ac                  _Uart1_SetRxBuffer
                  0x0023be                  _Uart2_SetTxBuffer
                  0x0023d0                  _Uart2_SetRxBuffer
                  0x0023e2                  _Uart1_Init
                  0x0024be                  _Uart2_Init
                  0x00259a                  _Uart_Init
                  0x0025cc                  _Uart1_Put
                  0x0025e4                  _Uart2_Put
                  0x0025fc                  _Uart1_Get
                  0x002622                  _Uart2_Get
                  0x002648                  _Uart1_Write
                  0x00267c                  _Uart2_Write
                  0x0026b0                  _Uart1_WriteBytes
                  0x0026ec                  _Uart2_WriteBytes
                  0x002728                  _Uart1_PutAsync
                  0x002776                  _Uart2_PutAsync
                  0x0027c4                  _Uart1_WriteAsync
                  0x002872                  _Uart2_WriteAsync
                  0x00291e                  _Uart1_GetTxBufferSpace
                  0x00292e                  _Uart2_GetTxBufferSpace
                  0x00293e                  _Uart1_ClearTxBuffer
                  0x002978                  _Uart2_ClearTxBuffer
                  0x0029b2                  _Uart1_ClearRxBuffer
                  0x0029ec                  _Uart2_ClearRxBuffer
                  0x002a26                  _Uart1_Printf
                  0x002a6c                  _Uart1_PrintfAsync
                  0x002ab2                  _Uart2_Printf
                  0x002af8                  _Uart2_PrintfAsync
                  0x002b3e                  _Uart_Printf
                  0x002b98                  _Uart_PrintfAsync
                  0x002bf2                  _Uart1_SetRxIsrCallback
                  0x002bfe                  _Uart2_SetRxIsrCallback
                  0x002c0a                  _Uart1_SetRxCallback
                  0x002c16                  _Uart2_SetRxCallback
                  0x002c22                  _Uart1_SetTxCallback
                  0x002c2e                  _Uart2_SetTxCallback
                  0x002c76                  _Uart1_SetRxLineCallback
                  0x002c88                  _Uart2_SetRxLineCallback
                  0x002c9a                  _Uart1_SetBufferFullCallback
                  0x002ca6                  _Uart2_SetBufferFullCallback
                  0x002e06                  _Uart1_ClearLineBuffer
                  0x002e46                  _Uart2_ClearLineBuffer
                  0x002e86                  _Uart1_Executor
                  0x002f6e                  _Uart2_Executor
 .text            0x003060        0x4b6 ../../../library/BSP/dist/libs/ecc-pic24-bsp.a(BSP_PswKey.o)
                  0x00321a                  _Psw_SetKeyDownCallback
                  0x003288                  _Psw_SetKeyHoldCallback
                  0x0032f6                  _Psw_SetKeyLockCallback
                  0x003364                  _Psw_SetKeyUpCallback
                  0x0033d2                  _Psw_SetKeyChangedCallback
                  0x003440                  _Psw_GetKeyState
                  0x003456                  _PSW_KeyTickedExecutor
 .text            0x003516        0x2c2 ../../../library/BSP/dist/libs/ecc-pic24-bsp.a(BSP_Beep.o)
                  0x003516                  _Beep_Init
                  0x00357e                  _Beep_SetFrequency
                  0x0036aa                  _Beep_SetPower
                  0x0036dc                  _Beep
                  0x00370c                  _Beep_Play
                  0x003722                  _Beep_Generate
                  0x003742                  _Beep_SetCallback
                  0x00374e                  _BEEP_TickedExecutor
 .text            0x0037d8        0x2ac ../../../library/BSP/dist/libs/ecc-pic24-bsp.a(BSP_Led.o)
                  0x0037d8                  _Led_Set
                  0x00380a                  _Led_Clr
                  0x00383c                  _Led_Wrt
                  0x003898                  _Led_Inv
                  0x00396c                  _Led_Get
                  0x0039d0                  _Led_Write
                  0x003a48                  _Led_Read
 .text            0x003a84        0x2a0 ../../../library/BSP/dist/libs/ecc-pic24-bsp.a(BSP_LedBlink.o)
                  0x003a84                  _Led_BlinkInit
                  0x003ad2                  _Led_Flash
                  0x003b22                  _Led_Blink
                  0x003b74                  _Led_Pwm
                  0x003bdc                  _Led_SetChangedCallback
                  0x003bf4                  _Led_SetMode
                  0x003c0c                  _LED_BlinkTickedExecutor
 .text            0x003d24        0x28a ../../../library/BSP/dist/libs/ecc-pic24-bsp.a(BSP_Adc.o)
                  0x003d24                  _Adc_Init
                  0x003dee                  _Adc_Get
                  0x003e30                  _Adc_GetVoltage
                  0x003e60                  _Adc_GetPercentage
                  0x003e88                  _Adc_SetChangedCallback
                  0x003ea0                  _Adc_SetChangedThreshold
                  0x003eb8                  _Adc_SetChangedInterval
                  0x003ed0                  _ADC_TickedExecutor
 .text            0x003fae        0x1a4 ../../../library/RTL/dist/libs/ecc-pic24-rtl.a(RTL_Timer.o)
                  0x004018                  _Timer_Create
                  0x004076                  _Timer_SetInterval
                  0x00408c                  _Timer_EndWaiting
                  0x00409c                  _Timer_Delete
                  0x0040ce                  _Timer_TickedExecutor
 .text            0x004152        0x152 ../../../library/BSP/dist/libs/ecc-pic24-bsp.a(BSP_Queue.o)
                  0x004152                  _Queue_Init
                  0x00419c                  _Queue_Put
                  0x0041f8                  _Queue_Get
                  0x004258                  _Queue_Space
                  0x00426a                  _Queue_Reset
 .text            0x0042a4        0x142 ../../../library/BSP/dist/libs/ecc-pic24-bsp.a(BSP_SysTick.o)
                  0x0042a4                  _Sys_IsrPerformTick
                  0x004320                  _Sys_Start
                  0x004328                  _Sys_Stop
                  0x004330                  _Sys_SetTickCallback
                  0x00433c                  _Sys_GetTicks
                  0x004346                  _Sys_GetTimeMilli
                  0x00436a                  _Sys_GetTimeMicro
                  0x004392                  _Sys_GetClock
                  0x0043a2                  _Sys_SetClock
                  0x0043c8                  _Sys_TickInit

.dinit            0x0043e6         0xf4
 .dinit           0x0043e6         0xf4 data_init

.text             0x0044da        0x196
 .text            0x0044da         0x7a ../../../library/BSP/dist/libs/ecc-pic24-bsp.a(BSP_Psw.o)
                  0x0044da                  _Psw_Get
                  0x004544                  _Psw_Read
 .text            0x004554         0x6c ../../../library/BSP/dist/libs/ecc-pic24-bsp.a(BSP_Mcu.o)
                  0x004554                  _Mcu_IoInit
                  0x004576                  _Mcu_ClockInit
                  0x004592                  _Mcu_UnlockRemap
                  0x0045a4                  _Mcu_LockRemap
                  0x0045b6                  _Mcu_Init
 .text            0x0045c0         0x5e ./output/objects/main.o
                  0x0045c0                  _led0_on
                  0x0045d0                  _led0_off
                  0x0045e0                  _main
 .text            0x00461e         0x2e ../../../library/BSP/dist/libs/ecc-pic24-bsp.a(BSP_Main.o)
                  0x00461e                  _BSP_TickIsrExecutor
                  0x00462a                  _BSP_Executor
 .text            0x00464c         0x24 ../../../library/RTL/dist/libs/ecc-pic24-rtl.a(RTL_Main.o)
                  0x00464c                  _RTL_TickIsrExecutor
                  0x004658                  _RTL_Executor
